2022/08/21 21:31:05 order <Order Action:0, ID:100000, Side:1, Price:1075, Qty:1>
2022/08/21 21:31:05 ==========================
2022/08/21 21:31:05 	1075 x 1
2022/08/21 21:31:05 --------------------------
2022/08/21 21:31:05 ===^^^^^^^^^^^^^^^^^^^^===
2022/08/21 21:31:05 order <Order Action:0, ID:100001, Side:0, Price:1000, Qty:9>
2022/08/21 21:31:05 ==========================
2022/08/21 21:31:05 	1075 x 1
2022/08/21 21:31:05 --------------------------
2022/08/21 21:31:05 	1000 x 9
2022/08/21 21:31:05 ===^^^^^^^^^^^^^^^^^^^^===
2022/08/21 21:31:05 order <Order Action:0, ID:100002, Side:0, Price:975, Qty:30>
2022/08/21 21:31:05 ==========================
2022/08/21 21:31:05 	1075 x 1
2022/08/21 21:31:05 --------------------------
2022/08/21 21:31:05 	1000 x 9
2022/08/21 21:31:05 	975 x 30
2022/08/21 21:31:05 ===^^^^^^^^^^^^^^^^^^^^===
2022/08/21 21:31:05 order <Order Action:0, ID:100003, Side:1, Price:1050, Qty:10>
2022/08/21 21:31:05 ==========================
2022/08/21 21:31:05 	1075 x 1
2022/08/21 21:31:05 	1050 x 10
2022/08/21 21:31:05 --------------------------
2022/08/21 21:31:05 	1000 x 9
2022/08/21 21:31:05 	975 x 30
2022/08/21 21:31:05 ===^^^^^^^^^^^^^^^^^^^^===
2022/08/21 21:31:05 order <Order Action:0, ID:100004, Side:0, Price:950, Qty:10>
2022/08/21 21:31:05 ==========================
2022/08/21 21:31:05 	1075 x 1
2022/08/21 21:31:05 	1050 x 10
2022/08/21 21:31:05 --------------------------
2022/08/21 21:31:05 	1000 x 9
2022/08/21 21:31:05 	975 x 30
2022/08/21 21:31:05 	950 x 10
2022/08/21 21:31:05 ===^^^^^^^^^^^^^^^^^^^^===
2022/08/21 21:31:05 order <Order Action:0, ID:100005, Side:1, Price:1025, Qty:2>
2022/08/21 21:31:05 ==========================
2022/08/21 21:31:05 	1075 x 1
2022/08/21 21:31:05 	1050 x 10
2022/08/21 21:31:05 	1025 x 2
2022/08/21 21:31:05 --------------------------
2022/08/21 21:31:05 	1000 x 9
2022/08/21 21:31:05 	975 x 30
2022/08/21 21:31:05 	950 x 10
2022/08/21 21:31:05 ===^^^^^^^^^^^^^^^^^^^^===
2022/08/21 21:31:05 order <Order Action:0, ID:100006, Side:0, Price:1000, Qty:1>
2022/08/21 21:31:05 exist price: 1000
2022/08/21 21:31:05 ==========================
2022/08/21 21:31:05 	1075 x 1
2022/08/21 21:31:05 	1050 x 10
2022/08/21 21:31:05 	1025 x 2
2022/08/21 21:31:05 --------------------------
2022/08/21 21:31:05 	1000 x 10
2022/08/21 21:31:05 	975 x 30
2022/08/21 21:31:05 	950 x 10
2022/08/21 21:31:05 ===^^^^^^^^^^^^^^^^^^^^===
2022/08/21 21:31:05 order <Order Action:1, ID:100004, Side:0, Price:950, Qty:10>
2022/08/21 21:31:05 ==========================
2022/08/21 21:31:05 	1075 x 1
2022/08/21 21:31:05 	1050 x 10
2022/08/21 21:31:05 	1025 x 2
2022/08/21 21:31:05 --------------------------
2022/08/21 21:31:05 	1000 x 10
2022/08/21 21:31:05 	975 x 30
2022/08/21 21:31:05 ===^^^^^^^^^^^^^^^^^^^^===
2022/08/21 21:31:05 order <Order Action:0, ID:100007, Side:1, Price:1025, Qty:5>
2022/08/21 21:31:05 exist price: 1025
2022/08/21 21:31:05 ==========================
2022/08/21 21:31:05 	1075 x 1
2022/08/21 21:31:05 	1050 x 10
2022/08/21 21:31:05 	1025 x 7
2022/08/21 21:31:05 --------------------------
2022/08/21 21:31:05 	1000 x 10
2022/08/21 21:31:05 	975 x 30
2022/08/21 21:31:05 ===^^^^^^^^^^^^^^^^^^^^===
2022/08/21 21:31:05 order <Order Action:0, ID:100008, Side:0, Price:1050, Qty:3>
2022/08/21 21:31:05 	* 1075 x 1
2022/08/21 21:31:05 	* 1050 x 10
2022/08/21 21:31:05 	* 1025 x 4
2022/08/21 21:31:05 ordersDone:  [<Order Action:0, ID:100005, Side:1, Price:1025, Qty:2> <Order Action:0, ID:100008, Side:0, Price:1050, Qty:0>]
2022/08/21 21:31:05 ==========================
2022/08/21 21:31:05 	1075 x 1
2022/08/21 21:31:05 	1050 x 10
2022/08/21 21:31:05 	1025 x 4
2022/08/21 21:31:05 --------------------------
2022/08/21 21:31:05 	1000 x 10
2022/08/21 21:31:05 	975 x 30
2022/08/21 21:31:05 ===^^^^^^^^^^^^^^^^^^^^===
2022/08/21 21:31:05 order <Order Action:1, ID:100008, Side:0, Price:1050, Qty:3>
2022/08/21 21:31:05 ==========================
2022/08/21 21:31:05 	1075 x 1
2022/08/21 21:31:05 	1050 x 10
2022/08/21 21:31:05 	1025 x 4
2022/08/21 21:31:05 --------------------------
2022/08/21 21:31:05 	1000 x 10
2022/08/21 21:31:05 	975 x 30
2022/08/21 21:31:05 ===^^^^^^^^^^^^^^^^^^^^===
2022/08/21 21:31:05 order <Order Action:1, ID:100005, Side:1, Price:1025, Qty:2>
2022/08/21 21:31:05 ==========================
2022/08/21 21:31:05 	1075 x 1
2022/08/21 21:31:05 	1050 x 10
2022/08/21 21:31:05 	1025 x 2
2022/08/21 21:31:05 --------------------------
2022/08/21 21:31:05 	1000 x 10
2022/08/21 21:31:05 	975 x 30
2022/08/21 21:31:05 ===^^^^^^^^^^^^^^^^^^^^===
PASS
ok  	github.com/weaming/orderbook-go	0.103s
